[www.ubisoft.com/en-us/game/skull-and-bones.html]
[backblue.gif]
[fade.gif]
[index.html]
[static-dm.akamaized.net/ubisoft/prod/main.c479ab08b03bfbd6d4bb.css]
[static-dm.akamaized.net/mothership/prod/gdex-main.1.0.css]
[staticctf.akamaized.net/J3yJr34U2pZ2Ieem48Dwy9uqj5PNUQTn/1Vt1ArBpN5HJyp2CB1FTeX/7881f716eee35b14ef72fee48165855c/ubi-continent.css]
[static-dm.akamaized.net/ubisoft/prod/favicon-16x16.png]
[static-dm.akamaized.net/ubisoft/prod/favicon-24x24.png]
[static-dm.akamaized.net/ubisoft/prod/favicon-32x32.png]
[static-dm.akamaized.net/ubisoft/prod/favicon-48x48.png]
[static-dm.akamaized.net/ubisoft/prod/favicon-57x57.png]
[static-dm.akamaized.net/ubisoft/prod/favicon-64x64.png]
[static-dm.akamaized.net/ubisoft/prod/favicon-72x72.png]
[static-dm.akamaized.net/ubisoft/prod/favicon-96x96.png]
[static-dm.akamaized.net/ubisoft/prod/favicon-120x120.png]
[static-dm.akamaized.net/ubisoft/prod/favicon-128x128.png]
[static-dm.akamaized.net/ubisoft/prod/favicon-144x144.png]
[static-dm.akamaized.net/ubisoft/prod/favicon-152x152.png]
[static-dm.akamaized.net/ubisoft/prod/favicon-195x195.png]
[static-dm.akamaized.net/ubisoft/prod/favicon-228x228.png]
[static-dm.akamaized.net/ubisoft/prod/5JATRG9tov2eoTO8dbioml.css]
[staticctf.akamaized.net/J3yJr34U2pZ2Ieem48Dwy9uqj5PNUQTn/7Mp9ZwOE87g5imzLszeO1r/9c60685828af6134672b7605a53ab594/logo-nav.png]
[staticctf.akamaized.net/J3yJr34U2pZ2Ieem48Dwy9uqj5PNUQTn/16hIVfO0rQhF1fe0z63zNu/99ce3c2e220a66030c32548ea426047b/mobile-globale.jpg]
[staticctf.akamaized.net/J3yJr34U2pZ2Ieem48Dwy9uqj5PNUQTn/7xKpjS9tfJ3T62xkmv3dMs/5fcb56bbb9f16e8b6ef6a9660ec5e92b/fallback-image.jpg]
[staticctf.akamaized.net/J3yJr34U2pZ2Ieem48Dwy9uqj5PNUQTn/tjgbARoQWGNj7rWFuPuoc/ef9d71817f29f71888dc7a79caddddc1/promo-insider-program.jpg]
[www.ubisoft.com/en-us/game/skull-and-bones/news-updates/3iwEqPUg1V9DGmL8JnnCnE.html]
[staticctf.akamaized.net/J3yJr34U2pZ2Ieem48Dwy9uqj5PNUQTn/7JWVHd2o40BUqwYKJh4yfT/d08bf640132c41565f495f9359d438bb/esrb-footer-rp.png]
[www.ubisoft.com/en-us/game/skull-and-bones.html]
[static-dm.akamaized.net/ubisoft/prod/main.c479ab08b03bfbd6d4bb.css]
[static-dm.akamaized.net/mothership/prod/gdex-main.1.0.css]
[staticctf.akamaized.net/J3yJr34U2pZ2Ieem48Dwy9uqj5PNUQTn/1Vt1ArBpN5HJyp2CB1FTeX/7881f716eee35b14ef72fee48165855c/ubi-continent.css]
[static-dm.akamaized.net/ubisoft/prod/favicon-114x114.png]
[static-dm.akamaized.net/ubisoft/prod/5JATRG9tov2eoTO8dbioml.css]
[static-dm.akamaized.net/ubisoft/prod/main.1fe9efbdba800db46195.js]
[www.ubisoft.com/en-us/game/skull-and-bones/news-updates/3iwEqPUg1V9DGmL8JnnCnE/join-our-insider-program.html]
[static-dm.akamaized.net/ubisoft/prod/7rTcVT73IolAMuO2wiQSxm.css]
[staticctf.akamaized.net/J3yJr34U2pZ2Ieem48Dwy9uqj5PNUQTn/3MxntVh0CjAhUUQdSZMcZ2/36dcc98faf1129c779b9a12409b5eaf7/promo-insider-program.jpg]
[www.ubisoft.com/en-us/game/skull-and-bones/news-updates/3iwEqPUg1V9DGmL8JnnCnE.html]
[www.ubisoft.com/en-us/game/skull-and-bones/news-updates/3iwEqPUg1V9DGmL8JnnCnE/join-our-insider-program.html]
[static-dm.akamaized.net/ubisoft/prod/7rTcVT73IolAMuO2wiQSxm.css]
